[2025-11-09T20:55:40.600+0000] {local_task_job_runner.py:123} INFO - ::group::Pre task execution logs
[2025-11-09T20:55:40.640+0000] {taskinstance.py:2613} INFO - Dependencies all met for dep_context=non-requeueable deps ti=<TaskInstance: crypto_etl_pipeline.extract manual__2025-11-09T20:55:22.990553+00:00 [queued]>
[2025-11-09T20:55:40.661+0000] {taskinstance.py:2613} INFO - Dependencies all met for dep_context=requeueable deps ti=<TaskInstance: crypto_etl_pipeline.extract manual__2025-11-09T20:55:22.990553+00:00 [queued]>
[2025-11-09T20:55:40.664+0000] {taskinstance.py:2866} INFO - Starting attempt 1 of 2
[2025-11-09T20:55:40.699+0000] {taskinstance.py:2889} INFO - Executing <Task(PythonOperator): extract> on 2025-11-09 20:55:22.990553+00:00
[2025-11-09T20:55:40.730+0000] {warnings.py:112} WARNING - /home/***/.local/lib/python3.12/site-packages/***/task/task_runner/standard_task_runner.py:70: DeprecationWarning: This process (pid=425) is multi-threaded, use of fork() may lead to deadlocks in the child.
  pid = os.fork()

[2025-11-09T20:55:40.735+0000] {standard_task_runner.py:72} INFO - Started process 428 to run task
[2025-11-09T20:55:40.737+0000] {standard_task_runner.py:104} INFO - Running: ['***', 'tasks', 'run', 'crypto_etl_pipeline', 'extract', 'manual__2025-11-09T20:55:22.990553+00:00', '--job-id', '3', '--raw', '--subdir', 'DAGS_FOLDER/crypto_etl_pipeline.py', '--cfg-path', '/tmp/tmpifil80ge']
[2025-11-09T20:55:40.740+0000] {standard_task_runner.py:105} INFO - Job 3: Subtask extract
[2025-11-09T20:55:41.348+0000] {task_command.py:467} INFO - Running <TaskInstance: crypto_etl_pipeline.extract manual__2025-11-09T20:55:22.990553+00:00 [running]> on host a6fa4bf8e689
[2025-11-09T20:55:44.125+0000] {taskinstance.py:3132} INFO - Exporting env vars: AIRFLOW_CTX_DAG_OWNER='pawel_golen' AIRFLOW_CTX_DAG_ID='crypto_etl_pipeline' AIRFLOW_CTX_TASK_ID='extract' AIRFLOW_CTX_EXECUTION_DATE='2025-11-09T20:55:22.990553+00:00' AIRFLOW_CTX_TRY_NUMBER='1' AIRFLOW_CTX_DAG_RUN_ID='manual__2025-11-09T20:55:22.990553+00:00'
[2025-11-09T20:55:44.131+0000] {logging_mixin.py:190} INFO - Task instance is in running state
[2025-11-09T20:55:44.133+0000] {logging_mixin.py:190} INFO -  Previous state of the Task instance: queued
[2025-11-09T20:55:44.137+0000] {logging_mixin.py:190} INFO - Current task name:extract state:running start_date:2025-11-09 20:55:40.642053+00:00
[2025-11-09T20:55:44.149+0000] {logging_mixin.py:190} INFO - Dag name:crypto_etl_pipeline and current dag run status:running
[2025-11-09T20:55:44.152+0000] {taskinstance.py:731} INFO - ::endgroup::
[2025-11-09T20:55:44.487+0000] {taskinstance.py:3311} ERROR - Task failed with exception
Traceback (most recent call last):
  File "/home/airflow/.local/lib/python3.12/site-packages/airflow/models/taskinstance.py", line 767, in _execute_task
    result = _execute_callable(context=context, **execute_callable_kwargs)
             ^^^^^^^^^^^^^^^^^^^^^^^^^^^^^^^^^^^^^^^^^^^^^^^^^^^^^^^^^^^^^
  File "/home/airflow/.local/lib/python3.12/site-packages/airflow/models/taskinstance.py", line 733, in _execute_callable
    return ExecutionCallableRunner(
           ^^^^^^^^^^^^^^^^^^^^^^^^
  File "/home/airflow/.local/lib/python3.12/site-packages/airflow/utils/operator_helpers.py", line 252, in run
    return self.func(*args, **kwargs)
           ^^^^^^^^^^^^^^^^^^^^^^^^^^
  File "/home/airflow/.local/lib/python3.12/site-packages/airflow/models/baseoperator.py", line 417, in wrapper
    return func(self, *args, **kwargs)
           ^^^^^^^^^^^^^^^^^^^^^^^^^^^
  File "/home/airflow/.local/lib/python3.12/site-packages/airflow/operators/python.py", line 238, in execute
    return_value = self.execute_callable()
                   ^^^^^^^^^^^^^^^^^^^^^^^
  File "/home/airflow/.local/lib/python3.12/site-packages/airflow/operators/python.py", line 256, in execute_callable
    return runner.run(*self.op_args, **self.op_kwargs)
           ^^^^^^^^^^^^^^^^^^^^^^^^^^^^^^^^^^^^^^^^^^^
  File "/home/airflow/.local/lib/python3.12/site-packages/airflow/utils/operator_helpers.py", line 252, in run
    return self.func(*args, **kwargs)
           ^^^^^^^^^^^^^^^^^^^^^^^^^^
  File "/opt/airflow/dags/crypto_etl_pipeline.py", line 24, in extract
    with open(RAW, 'w') as f: json.dump(r.json(), f)
         ^^^^^^^^^^^^^^
FileNotFoundError: [Errno 2] No such file or directory: '/opt/airflow/data/raw_crypto_data.json'
[2025-11-09T20:55:44.582+0000] {logging_mixin.py:190} INFO - Task instance in failure state
[2025-11-09T20:55:44.588+0000] {logging_mixin.py:190} INFO - Task start:2025-11-09 20:55:40.642053+00:00 end:2025-11-09 20:55:44.581448+00:00 duration:3.939395
[2025-11-09T20:55:44.590+0000] {logging_mixin.py:190} INFO - Task:<Task(PythonOperator): extract> dag:<DAG: crypto_etl_pipeline> dagrun:<DagRun crypto_etl_pipeline @ 2025-11-09 20:55:22.990553+00:00: manual__2025-11-09T20:55:22.990553+00:00, state:running, queued_at: 2025-11-09 20:55:23.047869+00:00. externally triggered: True>
[2025-11-09T20:55:44.593+0000] {logging_mixin.py:190} INFO - Failure caused by [Errno 2] No such file or directory: '/opt/***/data/raw_crypto_data.json'
[2025-11-09T20:55:44.597+0000] {taskinstance.py:1225} INFO - Marking task as UP_FOR_RETRY. dag_id=crypto_etl_pipeline, task_id=extract, run_id=manual__2025-11-09T20:55:22.990553+00:00, execution_date=20251109T205522, start_date=20251109T205540, end_date=20251109T205544
[2025-11-09T20:55:44.668+0000] {taskinstance.py:340} INFO - ::group::Post task execution logs
[2025-11-09T20:55:44.675+0000] {standard_task_runner.py:124} ERROR - Failed to execute job 3 for task extract ([Errno 2] No such file or directory: '/opt/airflow/data/raw_crypto_data.json'; 428)
Traceback (most recent call last):
  File "/home/airflow/.local/lib/python3.12/site-packages/airflow/task/task_runner/standard_task_runner.py", line 117, in _start_by_fork
    ret = args.func(args, dag=self.dag)
          ^^^^^^^^^^^^^^^^^^^^^^^^^^^^^
  File "/home/airflow/.local/lib/python3.12/site-packages/airflow/cli/cli_config.py", line 49, in command
    return func(*args, **kwargs)
           ^^^^^^^^^^^^^^^^^^^^^
  File "/home/airflow/.local/lib/python3.12/site-packages/airflow/utils/cli.py", line 116, in wrapper
    return f(*args, **kwargs)
           ^^^^^^^^^^^^^^^^^^
  File "/home/airflow/.local/lib/python3.12/site-packages/airflow/cli/commands/task_command.py", line 483, in task_run
    task_return_code = _run_task_by_selected_method(args, _dag, ti)
                       ^^^^^^^^^^^^^^^^^^^^^^^^^^^^^^^^^^^^^^^^^^^^
  File "/home/airflow/.local/lib/python3.12/site-packages/airflow/cli/commands/task_command.py", line 256, in _run_task_by_selected_method
    return _run_raw_task(args, ti)
           ^^^^^^^^^^^^^^^^^^^^^^^
  File "/home/airflow/.local/lib/python3.12/site-packages/airflow/cli/commands/task_command.py", line 341, in _run_raw_task
    return ti._run_raw_task(
           ^^^^^^^^^^^^^^^^^
  File "/home/airflow/.local/lib/python3.12/site-packages/airflow/utils/session.py", line 97, in wrapper
    return func(*args, session=session, **kwargs)
           ^^^^^^^^^^^^^^^^^^^^^^^^^^^^^^^^^^^^^^
  File "/home/airflow/.local/lib/python3.12/site-packages/airflow/models/taskinstance.py", line 3005, in _run_raw_task
    return _run_raw_task(
           ^^^^^^^^^^^^^^
  File "/home/airflow/.local/lib/python3.12/site-packages/airflow/models/taskinstance.py", line 273, in _run_raw_task
    TaskInstance._execute_task_with_callbacks(
  File "/home/airflow/.local/lib/python3.12/site-packages/airflow/models/taskinstance.py", line 3159, in _execute_task_with_callbacks
    result = self._execute_task(context, task_orig)
             ^^^^^^^^^^^^^^^^^^^^^^^^^^^^^^^^^^^^^^
  File "/home/airflow/.local/lib/python3.12/site-packages/airflow/models/taskinstance.py", line 3183, in _execute_task
    return _execute_task(self, context, task_orig)
           ^^^^^^^^^^^^^^^^^^^^^^^^^^^^^^^^^^^^^^^
  File "/home/airflow/.local/lib/python3.12/site-packages/airflow/models/taskinstance.py", line 767, in _execute_task
    result = _execute_callable(context=context, **execute_callable_kwargs)
             ^^^^^^^^^^^^^^^^^^^^^^^^^^^^^^^^^^^^^^^^^^^^^^^^^^^^^^^^^^^^^
  File "/home/airflow/.local/lib/python3.12/site-packages/airflow/models/taskinstance.py", line 733, in _execute_callable
    return ExecutionCallableRunner(
           ^^^^^^^^^^^^^^^^^^^^^^^^
  File "/home/airflow/.local/lib/python3.12/site-packages/airflow/utils/operator_helpers.py", line 252, in run
    return self.func(*args, **kwargs)
           ^^^^^^^^^^^^^^^^^^^^^^^^^^
  File "/home/airflow/.local/lib/python3.12/site-packages/airflow/models/baseoperator.py", line 417, in wrapper
    return func(self, *args, **kwargs)
           ^^^^^^^^^^^^^^^^^^^^^^^^^^^
  File "/home/airflow/.local/lib/python3.12/site-packages/airflow/operators/python.py", line 238, in execute
    return_value = self.execute_callable()
                   ^^^^^^^^^^^^^^^^^^^^^^^
  File "/home/airflow/.local/lib/python3.12/site-packages/airflow/operators/python.py", line 256, in execute_callable
    return runner.run(*self.op_args, **self.op_kwargs)
           ^^^^^^^^^^^^^^^^^^^^^^^^^^^^^^^^^^^^^^^^^^^
  File "/home/airflow/.local/lib/python3.12/site-packages/airflow/utils/operator_helpers.py", line 252, in run
    return self.func(*args, **kwargs)
           ^^^^^^^^^^^^^^^^^^^^^^^^^^
  File "/opt/airflow/dags/crypto_etl_pipeline.py", line 24, in extract
    with open(RAW, 'w') as f: json.dump(r.json(), f)
         ^^^^^^^^^^^^^^
FileNotFoundError: [Errno 2] No such file or directory: '/opt/airflow/data/raw_crypto_data.json'
[2025-11-09T20:55:44.862+0000] {local_task_job_runner.py:266} INFO - Task exited with return code 1
[2025-11-09T20:55:44.968+0000] {taskinstance.py:3895} INFO - 0 downstream tasks scheduled from follow-on schedule check
[2025-11-09T20:55:44.974+0000] {local_task_job_runner.py:245} INFO - ::endgroup::
