[2025-11-09T21:32:07.314+0000] {local_task_job_runner.py:123} INFO - ::group::Pre task execution logs
[2025-11-09T21:32:07.360+0000] {taskinstance.py:2613} INFO - Dependencies all met for dep_context=non-requeueable deps ti=<TaskInstance: crypto_etl_pipeline.extract manual__2025-11-09T21:32:00.655772+00:00 [queued]>
[2025-11-09T21:32:07.381+0000] {taskinstance.py:2613} INFO - Dependencies all met for dep_context=requeueable deps ti=<TaskInstance: crypto_etl_pipeline.extract manual__2025-11-09T21:32:00.655772+00:00 [queued]>
[2025-11-09T21:32:07.383+0000] {taskinstance.py:2866} INFO - Starting attempt 1 of 2
[2025-11-09T21:32:07.416+0000] {taskinstance.py:2889} INFO - Executing <Task(PythonOperator): extract> on 2025-11-09 21:32:00.655772+00:00
[2025-11-09T21:32:07.447+0000] {warnings.py:112} WARNING - /home/***/.local/lib/python3.12/site-packages/***/task/task_runner/standard_task_runner.py:70: DeprecationWarning: This process (pid=387) is multi-threaded, use of fork() may lead to deadlocks in the child.
  pid = os.fork()

[2025-11-09T21:32:07.455+0000] {standard_task_runner.py:72} INFO - Started process 389 to run task
[2025-11-09T21:32:07.455+0000] {standard_task_runner.py:104} INFO - Running: ['***', 'tasks', 'run', 'crypto_etl_pipeline', 'extract', 'manual__2025-11-09T21:32:00.655772+00:00', '--job-id', '10', '--raw', '--subdir', 'DAGS_FOLDER/crypto_etl_pipeline.py', '--cfg-path', '/tmp/tmp1so7qasl']
[2025-11-09T21:32:07.457+0000] {standard_task_runner.py:105} INFO - Job 10: Subtask extract
[2025-11-09T21:32:07.632+0000] {task_command.py:467} INFO - Running <TaskInstance: crypto_etl_pipeline.extract manual__2025-11-09T21:32:00.655772+00:00 [running]> on host 18434ef7c92c
[2025-11-09T21:32:07.922+0000] {taskinstance.py:3132} INFO - Exporting env vars: AIRFLOW_CTX_DAG_OWNER='pawel_golen' AIRFLOW_CTX_DAG_ID='crypto_etl_pipeline' AIRFLOW_CTX_TASK_ID='extract' AIRFLOW_CTX_EXECUTION_DATE='2025-11-09T21:32:00.655772+00:00' AIRFLOW_CTX_TRY_NUMBER='1' AIRFLOW_CTX_DAG_RUN_ID='manual__2025-11-09T21:32:00.655772+00:00'
[2025-11-09T21:32:07.926+0000] {logging_mixin.py:190} INFO - Task instance is in running state
[2025-11-09T21:32:07.927+0000] {logging_mixin.py:190} INFO -  Previous state of the Task instance: queued
[2025-11-09T21:32:07.929+0000] {logging_mixin.py:190} INFO - Current task name:extract state:running start_date:2025-11-09 21:32:07.362243+00:00
[2025-11-09T21:32:07.930+0000] {logging_mixin.py:190} INFO - Dag name:crypto_etl_pipeline and current dag run status:running
[2025-11-09T21:32:07.932+0000] {taskinstance.py:731} INFO - ::endgroup::
[2025-11-09T21:32:07.935+0000] {taskinstance.py:3311} ERROR - Task failed with exception
Traceback (most recent call last):
  File "/home/airflow/.local/lib/python3.12/site-packages/airflow/models/taskinstance.py", line 767, in _execute_task
    result = _execute_callable(context=context, **execute_callable_kwargs)
             ^^^^^^^^^^^^^^^^^^^^^^^^^^^^^^^^^^^^^^^^^^^^^^^^^^^^^^^^^^^^^
  File "/home/airflow/.local/lib/python3.12/site-packages/airflow/models/taskinstance.py", line 733, in _execute_callable
    return ExecutionCallableRunner(
           ^^^^^^^^^^^^^^^^^^^^^^^^
  File "/home/airflow/.local/lib/python3.12/site-packages/airflow/utils/operator_helpers.py", line 252, in run
    return self.func(*args, **kwargs)
           ^^^^^^^^^^^^^^^^^^^^^^^^^^
  File "/home/airflow/.local/lib/python3.12/site-packages/airflow/models/baseoperator.py", line 417, in wrapper
    return func(self, *args, **kwargs)
           ^^^^^^^^^^^^^^^^^^^^^^^^^^^
  File "/home/airflow/.local/lib/python3.12/site-packages/airflow/operators/python.py", line 238, in execute
    return_value = self.execute_callable()
                   ^^^^^^^^^^^^^^^^^^^^^^^
  File "/home/airflow/.local/lib/python3.12/site-packages/airflow/operators/python.py", line 256, in execute_callable
    return runner.run(*self.op_args, **self.op_kwargs)
           ^^^^^^^^^^^^^^^^^^^^^^^^^^^^^^^^^^^^^^^^^^^
  File "/home/airflow/.local/lib/python3.12/site-packages/airflow/utils/operator_helpers.py", line 252, in run
    return self.func(*args, **kwargs)
           ^^^^^^^^^^^^^^^^^^^^^^^^^^
  File "/opt/airflow/dags/crypto_etl_pipeline.py", line 21, in extract
    os.makedirs(os.path.dirname(RAW), exist_ok=True)
    ^^
NameError: name 'os' is not defined. Did you forget to import 'os'
[2025-11-09T21:32:07.988+0000] {logging_mixin.py:190} INFO - Task instance in failure state
[2025-11-09T21:32:07.989+0000] {logging_mixin.py:190} INFO - Task start:2025-11-09 21:32:07.362243+00:00 end:2025-11-09 21:32:07.985021+00:00 duration:0.622778
[2025-11-09T21:32:07.991+0000] {logging_mixin.py:190} INFO - Task:<Task(PythonOperator): extract> dag:<DAG: crypto_etl_pipeline> dagrun:<DagRun crypto_etl_pipeline @ 2025-11-09 21:32:00.655772+00:00: manual__2025-11-09T21:32:00.655772+00:00, state:running, queued_at: 2025-11-09 21:32:00.701053+00:00. externally triggered: True>
[2025-11-09T21:32:07.992+0000] {logging_mixin.py:190} INFO - Failure caused by name 'os' is not defined
[2025-11-09T21:32:07.993+0000] {taskinstance.py:1225} INFO - Marking task as UP_FOR_RETRY. dag_id=crypto_etl_pipeline, task_id=extract, run_id=manual__2025-11-09T21:32:00.655772+00:00, execution_date=20251109T213200, start_date=20251109T213207, end_date=20251109T213207
[2025-11-09T21:32:08.035+0000] {taskinstance.py:340} INFO - ::group::Post task execution logs
[2025-11-09T21:32:08.038+0000] {standard_task_runner.py:124} ERROR - Failed to execute job 10 for task extract (name 'os' is not defined; 389)
Traceback (most recent call last):
  File "/home/airflow/.local/lib/python3.12/site-packages/airflow/task/task_runner/standard_task_runner.py", line 117, in _start_by_fork
    ret = args.func(args, dag=self.dag)
          ^^^^^^^^^^^^^^^^^^^^^^^^^^^^^
  File "/home/airflow/.local/lib/python3.12/site-packages/airflow/cli/cli_config.py", line 49, in command
    return func(*args, **kwargs)
           ^^^^^^^^^^^^^^^^^^^^^
  File "/home/airflow/.local/lib/python3.12/site-packages/airflow/utils/cli.py", line 116, in wrapper
    return f(*args, **kwargs)
           ^^^^^^^^^^^^^^^^^^
  File "/home/airflow/.local/lib/python3.12/site-packages/airflow/cli/commands/task_command.py", line 483, in task_run
    task_return_code = _run_task_by_selected_method(args, _dag, ti)
                       ^^^^^^^^^^^^^^^^^^^^^^^^^^^^^^^^^^^^^^^^^^^^
  File "/home/airflow/.local/lib/python3.12/site-packages/airflow/cli/commands/task_command.py", line 256, in _run_task_by_selected_method
    return _run_raw_task(args, ti)
           ^^^^^^^^^^^^^^^^^^^^^^^
  File "/home/airflow/.local/lib/python3.12/site-packages/airflow/cli/commands/task_command.py", line 341, in _run_raw_task
    return ti._run_raw_task(
           ^^^^^^^^^^^^^^^^^
  File "/home/airflow/.local/lib/python3.12/site-packages/airflow/utils/session.py", line 97, in wrapper
    return func(*args, session=session, **kwargs)
           ^^^^^^^^^^^^^^^^^^^^^^^^^^^^^^^^^^^^^^
  File "/home/airflow/.local/lib/python3.12/site-packages/airflow/models/taskinstance.py", line 3005, in _run_raw_task
    return _run_raw_task(
           ^^^^^^^^^^^^^^
  File "/home/airflow/.local/lib/python3.12/site-packages/airflow/models/taskinstance.py", line 273, in _run_raw_task
    TaskInstance._execute_task_with_callbacks(
  File "/home/airflow/.local/lib/python3.12/site-packages/airflow/models/taskinstance.py", line 3159, in _execute_task_with_callbacks
    result = self._execute_task(context, task_orig)
             ^^^^^^^^^^^^^^^^^^^^^^^^^^^^^^^^^^^^^^
  File "/home/airflow/.local/lib/python3.12/site-packages/airflow/models/taskinstance.py", line 3183, in _execute_task
    return _execute_task(self, context, task_orig)
           ^^^^^^^^^^^^^^^^^^^^^^^^^^^^^^^^^^^^^^^
  File "/home/airflow/.local/lib/python3.12/site-packages/airflow/models/taskinstance.py", line 767, in _execute_task
    result = _execute_callable(context=context, **execute_callable_kwargs)
             ^^^^^^^^^^^^^^^^^^^^^^^^^^^^^^^^^^^^^^^^^^^^^^^^^^^^^^^^^^^^^
  File "/home/airflow/.local/lib/python3.12/site-packages/airflow/models/taskinstance.py", line 733, in _execute_callable
    return ExecutionCallableRunner(
           ^^^^^^^^^^^^^^^^^^^^^^^^
  File "/home/airflow/.local/lib/python3.12/site-packages/airflow/utils/operator_helpers.py", line 252, in run
    return self.func(*args, **kwargs)
           ^^^^^^^^^^^^^^^^^^^^^^^^^^
  File "/home/airflow/.local/lib/python3.12/site-packages/airflow/models/baseoperator.py", line 417, in wrapper
    return func(self, *args, **kwargs)
           ^^^^^^^^^^^^^^^^^^^^^^^^^^^
  File "/home/airflow/.local/lib/python3.12/site-packages/airflow/operators/python.py", line 238, in execute
    return_value = self.execute_callable()
                   ^^^^^^^^^^^^^^^^^^^^^^^
  File "/home/airflow/.local/lib/python3.12/site-packages/airflow/operators/python.py", line 256, in execute_callable
    return runner.run(*self.op_args, **self.op_kwargs)
           ^^^^^^^^^^^^^^^^^^^^^^^^^^^^^^^^^^^^^^^^^^^
  File "/home/airflow/.local/lib/python3.12/site-packages/airflow/utils/operator_helpers.py", line 252, in run
    return self.func(*args, **kwargs)
           ^^^^^^^^^^^^^^^^^^^^^^^^^^
  File "/opt/airflow/dags/crypto_etl_pipeline.py", line 21, in extract
    os.makedirs(os.path.dirname(RAW), exist_ok=True)
    ^^
NameError: name 'os' is not defined. Did you forget to import 'os'
[2025-11-09T21:32:08.118+0000] {local_task_job_runner.py:266} INFO - Task exited with return code 1
[2025-11-09T21:32:08.211+0000] {taskinstance.py:3895} INFO - 0 downstream tasks scheduled from follow-on schedule check
[2025-11-09T21:32:08.216+0000] {local_task_job_runner.py:245} INFO - ::endgroup::
