[2025-11-09T21:37:18.461+0000] {local_task_job_runner.py:123} INFO - ::group::Pre task execution logs
[2025-11-09T21:37:18.535+0000] {taskinstance.py:2613} INFO - Dependencies all met for dep_context=non-requeueable deps ti=<TaskInstance: crypto_etl_pipeline.extract manual__2025-11-09T21:32:00.655772+00:00 [queued]>
[2025-11-09T21:37:18.576+0000] {taskinstance.py:2613} INFO - Dependencies all met for dep_context=requeueable deps ti=<TaskInstance: crypto_etl_pipeline.extract manual__2025-11-09T21:32:00.655772+00:00 [queued]>
[2025-11-09T21:37:18.578+0000] {taskinstance.py:2866} INFO - Starting attempt 2 of 2
[2025-11-09T21:37:18.644+0000] {taskinstance.py:2889} INFO - Executing <Task(PythonOperator): extract> on 2025-11-09 21:32:00.655772+00:00
[2025-11-09T21:37:18.695+0000] {warnings.py:112} WARNING - /home/***/.local/lib/python3.12/site-packages/***/task/task_runner/standard_task_runner.py:70: DeprecationWarning: This process (pid=467) is multi-threaded, use of fork() may lead to deadlocks in the child.
  pid = os.fork()

[2025-11-09T21:37:18.703+0000] {standard_task_runner.py:72} INFO - Started process 469 to run task
[2025-11-09T21:37:18.705+0000] {standard_task_runner.py:104} INFO - Running: ['***', 'tasks', 'run', 'crypto_etl_pipeline', 'extract', 'manual__2025-11-09T21:32:00.655772+00:00', '--job-id', '15', '--raw', '--subdir', 'DAGS_FOLDER/crypto_etl_pipeline.py', '--cfg-path', '/tmp/tmpmc_c9uzl']
[2025-11-09T21:37:18.709+0000] {standard_task_runner.py:105} INFO - Job 15: Subtask extract
[2025-11-09T21:37:19.010+0000] {task_command.py:467} INFO - Running <TaskInstance: crypto_etl_pipeline.extract manual__2025-11-09T21:32:00.655772+00:00 [running]> on host 18434ef7c92c
[2025-11-09T21:37:19.674+0000] {taskinstance.py:3132} INFO - Exporting env vars: AIRFLOW_CTX_DAG_OWNER='pawel_golen' AIRFLOW_CTX_DAG_ID='crypto_etl_pipeline' AIRFLOW_CTX_TASK_ID='extract' AIRFLOW_CTX_EXECUTION_DATE='2025-11-09T21:32:00.655772+00:00' AIRFLOW_CTX_TRY_NUMBER='2' AIRFLOW_CTX_DAG_RUN_ID='manual__2025-11-09T21:32:00.655772+00:00'
[2025-11-09T21:37:19.682+0000] {logging_mixin.py:190} INFO - Task instance is in running state
[2025-11-09T21:37:19.687+0000] {logging_mixin.py:190} INFO -  Previous state of the Task instance: queued
[2025-11-09T21:37:19.692+0000] {logging_mixin.py:190} INFO - Current task name:extract state:running start_date:2025-11-09 21:37:18.538120+00:00
[2025-11-09T21:37:19.694+0000] {logging_mixin.py:190} INFO - Dag name:crypto_etl_pipeline and current dag run status:running
[2025-11-09T21:37:19.696+0000] {taskinstance.py:731} INFO - ::endgroup::
[2025-11-09T21:37:19.879+0000] {crypto_etl_pipeline.py:27} INFO - Extracted ok.
[2025-11-09T21:37:19.883+0000] {python.py:240} INFO - Done. Returned value was: 1
[2025-11-09T21:37:20.030+0000] {taskinstance.py:340} INFO - ::group::Post task execution logs
[2025-11-09T21:37:20.033+0000] {taskinstance.py:352} INFO - Marking task as SUCCESS. dag_id=crypto_etl_pipeline, task_id=extract, run_id=manual__2025-11-09T21:32:00.655772+00:00, execution_date=20251109T213200, start_date=20251109T213718, end_date=20251109T213720
[2025-11-09T21:37:20.089+0000] {logging_mixin.py:190} INFO - Task instance in success state
[2025-11-09T21:37:20.091+0000] {logging_mixin.py:190} INFO -  Previous state of the Task instance: running
[2025-11-09T21:37:20.106+0000] {logging_mixin.py:190} INFO - Dag name:crypto_etl_pipeline queued_at:2025-11-09 21:32:00.701053+00:00
[2025-11-09T21:37:20.108+0000] {logging_mixin.py:190} INFO - Task hostname:18434ef7c92c operator:PythonOperator
[2025-11-09T21:37:20.281+0000] {local_task_job_runner.py:266} INFO - Task exited with return code 0
[2025-11-09T21:37:20.490+0000] {taskinstance.py:3895} INFO - 1 downstream tasks scheduled from follow-on schedule check
[2025-11-09T21:37:20.496+0000] {local_task_job_runner.py:245} INFO - ::endgroup::
