[2025-11-09T21:33:53.654+0000] {local_task_job_runner.py:123} INFO - ::group::Pre task execution logs
[2025-11-09T21:33:53.705+0000] {taskinstance.py:2613} INFO - Dependencies all met for dep_context=non-requeueable deps ti=<TaskInstance: crypto_etl_pipeline.extract manual__2025-11-09T21:33:49.235511+00:00 [queued]>
[2025-11-09T21:33:53.730+0000] {taskinstance.py:2613} INFO - Dependencies all met for dep_context=requeueable deps ti=<TaskInstance: crypto_etl_pipeline.extract manual__2025-11-09T21:33:49.235511+00:00 [queued]>
[2025-11-09T21:33:53.731+0000] {taskinstance.py:2866} INFO - Starting attempt 1 of 2
[2025-11-09T21:33:53.771+0000] {taskinstance.py:2889} INFO - Executing <Task(PythonOperator): extract> on 2025-11-09 21:33:49.235511+00:00
[2025-11-09T21:33:53.800+0000] {warnings.py:112} WARNING - /home/***/.local/lib/python3.12/site-packages/***/task/task_runner/standard_task_runner.py:70: DeprecationWarning: This process (pid=406) is multi-threaded, use of fork() may lead to deadlocks in the child.
  pid = os.fork()

[2025-11-09T21:33:53.808+0000] {standard_task_runner.py:72} INFO - Started process 415 to run task
[2025-11-09T21:33:53.813+0000] {standard_task_runner.py:104} INFO - Running: ['***', 'tasks', 'run', 'crypto_etl_pipeline', 'extract', 'manual__2025-11-09T21:33:49.235511+00:00', '--job-id', '11', '--raw', '--subdir', 'DAGS_FOLDER/crypto_etl_pipeline.py', '--cfg-path', '/tmp/tmpraie5ofi']
[2025-11-09T21:33:53.817+0000] {standard_task_runner.py:105} INFO - Job 11: Subtask extract
[2025-11-09T21:33:54.049+0000] {task_command.py:467} INFO - Running <TaskInstance: crypto_etl_pipeline.extract manual__2025-11-09T21:33:49.235511+00:00 [running]> on host 18434ef7c92c
[2025-11-09T21:33:54.333+0000] {taskinstance.py:3132} INFO - Exporting env vars: AIRFLOW_CTX_DAG_OWNER='pawel_golen' AIRFLOW_CTX_DAG_ID='crypto_etl_pipeline' AIRFLOW_CTX_TASK_ID='extract' AIRFLOW_CTX_EXECUTION_DATE='2025-11-09T21:33:49.235511+00:00' AIRFLOW_CTX_TRY_NUMBER='1' AIRFLOW_CTX_DAG_RUN_ID='manual__2025-11-09T21:33:49.235511+00:00'
[2025-11-09T21:33:54.339+0000] {logging_mixin.py:190} INFO - Task instance is in running state
[2025-11-09T21:33:54.340+0000] {logging_mixin.py:190} INFO -  Previous state of the Task instance: queued
[2025-11-09T21:33:54.342+0000] {logging_mixin.py:190} INFO - Current task name:extract state:running start_date:2025-11-09 21:33:53.706500+00:00
[2025-11-09T21:33:54.344+0000] {logging_mixin.py:190} INFO - Dag name:crypto_etl_pipeline and current dag run status:running
[2025-11-09T21:33:54.346+0000] {taskinstance.py:731} INFO - ::endgroup::
[2025-11-09T21:33:54.644+0000] {crypto_etl_pipeline.py:27} INFO - Extracted ok.
[2025-11-09T21:33:54.647+0000] {python.py:240} INFO - Done. Returned value was: 1
[2025-11-09T21:33:54.720+0000] {taskinstance.py:340} INFO - ::group::Post task execution logs
[2025-11-09T21:33:54.721+0000] {taskinstance.py:352} INFO - Marking task as SUCCESS. dag_id=crypto_etl_pipeline, task_id=extract, run_id=manual__2025-11-09T21:33:49.235511+00:00, execution_date=20251109T213349, start_date=20251109T213353, end_date=20251109T213354
[2025-11-09T21:33:54.745+0000] {logging_mixin.py:190} INFO - Task instance in success state
[2025-11-09T21:33:54.746+0000] {logging_mixin.py:190} INFO -  Previous state of the Task instance: running
[2025-11-09T21:33:54.748+0000] {logging_mixin.py:190} INFO - Dag name:crypto_etl_pipeline queued_at:2025-11-09 21:33:49.266212+00:00
[2025-11-09T21:33:54.749+0000] {logging_mixin.py:190} INFO - Task hostname:18434ef7c92c operator:PythonOperator
[2025-11-09T21:33:54.802+0000] {local_task_job_runner.py:266} INFO - Task exited with return code 0
[2025-11-09T21:33:54.886+0000] {taskinstance.py:3895} INFO - 1 downstream tasks scheduled from follow-on schedule check
[2025-11-09T21:33:54.890+0000] {local_task_job_runner.py:245} INFO - ::endgroup::
