[2025-11-09T21:33:59.045+0000] {local_task_job_runner.py:123} INFO - ::group::Pre task execution logs
[2025-11-09T21:33:59.112+0000] {taskinstance.py:2613} INFO - Dependencies all met for dep_context=non-requeueable deps ti=<TaskInstance: crypto_etl_pipeline.transform manual__2025-11-09T21:33:49.235511+00:00 [queued]>
[2025-11-09T21:33:59.136+0000] {taskinstance.py:2613} INFO - Dependencies all met for dep_context=requeueable deps ti=<TaskInstance: crypto_etl_pipeline.transform manual__2025-11-09T21:33:49.235511+00:00 [queued]>
[2025-11-09T21:33:59.138+0000] {taskinstance.py:2866} INFO - Starting attempt 1 of 2
[2025-11-09T21:33:59.175+0000] {taskinstance.py:2889} INFO - Executing <Task(PythonOperator): transform> on 2025-11-09 21:33:49.235511+00:00
[2025-11-09T21:33:59.199+0000] {warnings.py:112} WARNING - /home/***/.local/lib/python3.12/site-packages/***/task/task_runner/standard_task_runner.py:70: DeprecationWarning: This process (pid=417) is multi-threaded, use of fork() may lead to deadlocks in the child.
  pid = os.fork()

[2025-11-09T21:33:59.204+0000] {standard_task_runner.py:72} INFO - Started process 419 to run task
[2025-11-09T21:33:59.205+0000] {standard_task_runner.py:104} INFO - Running: ['***', 'tasks', 'run', 'crypto_etl_pipeline', 'transform', 'manual__2025-11-09T21:33:49.235511+00:00', '--job-id', '12', '--raw', '--subdir', 'DAGS_FOLDER/crypto_etl_pipeline.py', '--cfg-path', '/tmp/tmp_u3mxy_c']
[2025-11-09T21:33:59.208+0000] {standard_task_runner.py:105} INFO - Job 12: Subtask transform
[2025-11-09T21:33:59.350+0000] {task_command.py:467} INFO - Running <TaskInstance: crypto_etl_pipeline.transform manual__2025-11-09T21:33:49.235511+00:00 [running]> on host 18434ef7c92c
[2025-11-09T21:33:59.517+0000] {taskinstance.py:3132} INFO - Exporting env vars: AIRFLOW_CTX_DAG_OWNER='pawel_golen' AIRFLOW_CTX_DAG_ID='crypto_etl_pipeline' AIRFLOW_CTX_TASK_ID='transform' AIRFLOW_CTX_EXECUTION_DATE='2025-11-09T21:33:49.235511+00:00' AIRFLOW_CTX_TRY_NUMBER='1' AIRFLOW_CTX_DAG_RUN_ID='manual__2025-11-09T21:33:49.235511+00:00'
[2025-11-09T21:33:59.520+0000] {logging_mixin.py:190} INFO - Task instance is in running state
[2025-11-09T21:33:59.521+0000] {logging_mixin.py:190} INFO -  Previous state of the Task instance: queued
[2025-11-09T21:33:59.522+0000] {logging_mixin.py:190} INFO - Current task name:transform state:running start_date:2025-11-09 21:33:59.114468+00:00
[2025-11-09T21:33:59.523+0000] {logging_mixin.py:190} INFO - Dag name:crypto_etl_pipeline and current dag run status:running
[2025-11-09T21:33:59.524+0000] {taskinstance.py:731} INFO - ::endgroup::
[2025-11-09T21:33:59.588+0000] {python.py:240} INFO - Done. Returned value was: 10
[2025-11-09T21:33:59.638+0000] {taskinstance.py:340} INFO - ::group::Post task execution logs
[2025-11-09T21:33:59.640+0000] {taskinstance.py:352} INFO - Marking task as SUCCESS. dag_id=crypto_etl_pipeline, task_id=transform, run_id=manual__2025-11-09T21:33:49.235511+00:00, execution_date=20251109T213349, start_date=20251109T213359, end_date=20251109T213359
[2025-11-09T21:33:59.656+0000] {logging_mixin.py:190} INFO - Task instance in success state
[2025-11-09T21:33:59.657+0000] {logging_mixin.py:190} INFO -  Previous state of the Task instance: running
[2025-11-09T21:33:59.658+0000] {logging_mixin.py:190} INFO - Dag name:crypto_etl_pipeline queued_at:2025-11-09 21:33:49.266212+00:00
[2025-11-09T21:33:59.659+0000] {logging_mixin.py:190} INFO - Task hostname:18434ef7c92c operator:PythonOperator
[2025-11-09T21:33:59.709+0000] {local_task_job_runner.py:266} INFO - Task exited with return code 0
[2025-11-09T21:33:59.744+0000] {taskinstance.py:3895} INFO - 1 downstream tasks scheduled from follow-on schedule check
[2025-11-09T21:33:59.747+0000] {local_task_job_runner.py:245} INFO - ::endgroup::
