[2025-11-09T21:37:34.182+0000] {local_task_job_runner.py:123} INFO - ::group::Pre task execution logs
[2025-11-09T21:37:34.247+0000] {taskinstance.py:2613} INFO - Dependencies all met for dep_context=non-requeueable deps ti=<TaskInstance: crypto_etl_pipeline.transform manual__2025-11-09T21:32:00.655772+00:00 [queued]>
[2025-11-09T21:37:34.282+0000] {taskinstance.py:2613} INFO - Dependencies all met for dep_context=requeueable deps ti=<TaskInstance: crypto_etl_pipeline.transform manual__2025-11-09T21:32:00.655772+00:00 [queued]>
[2025-11-09T21:37:34.285+0000] {taskinstance.py:2866} INFO - Starting attempt 1 of 2
[2025-11-09T21:37:34.330+0000] {taskinstance.py:2889} INFO - Executing <Task(PythonOperator): transform> on 2025-11-09 21:32:00.655772+00:00
[2025-11-09T21:37:34.362+0000] {warnings.py:112} WARNING - /home/***/.local/lib/python3.12/site-packages/***/task/task_runner/standard_task_runner.py:70: DeprecationWarning: This process (pid=471) is multi-threaded, use of fork() may lead to deadlocks in the child.
  pid = os.fork()

[2025-11-09T21:37:34.367+0000] {standard_task_runner.py:72} INFO - Started process 473 to run task
[2025-11-09T21:37:34.371+0000] {standard_task_runner.py:104} INFO - Running: ['***', 'tasks', 'run', 'crypto_etl_pipeline', 'transform', 'manual__2025-11-09T21:32:00.655772+00:00', '--job-id', '16', '--raw', '--subdir', 'DAGS_FOLDER/crypto_etl_pipeline.py', '--cfg-path', '/tmp/tmp5ncz9nz6']
[2025-11-09T21:37:34.375+0000] {standard_task_runner.py:105} INFO - Job 16: Subtask transform
[2025-11-09T21:37:34.623+0000] {task_command.py:467} INFO - Running <TaskInstance: crypto_etl_pipeline.transform manual__2025-11-09T21:32:00.655772+00:00 [running]> on host 18434ef7c92c
[2025-11-09T21:37:34.974+0000] {taskinstance.py:3132} INFO - Exporting env vars: AIRFLOW_CTX_DAG_OWNER='pawel_golen' AIRFLOW_CTX_DAG_ID='crypto_etl_pipeline' AIRFLOW_CTX_TASK_ID='transform' AIRFLOW_CTX_EXECUTION_DATE='2025-11-09T21:32:00.655772+00:00' AIRFLOW_CTX_TRY_NUMBER='1' AIRFLOW_CTX_DAG_RUN_ID='manual__2025-11-09T21:32:00.655772+00:00'
[2025-11-09T21:37:34.980+0000] {logging_mixin.py:190} INFO - Task instance is in running state
[2025-11-09T21:37:34.982+0000] {logging_mixin.py:190} INFO -  Previous state of the Task instance: queued
[2025-11-09T21:37:34.985+0000] {logging_mixin.py:190} INFO - Current task name:transform state:running start_date:2025-11-09 21:37:34.248832+00:00
[2025-11-09T21:37:34.988+0000] {logging_mixin.py:190} INFO - Dag name:crypto_etl_pipeline and current dag run status:running
[2025-11-09T21:37:34.990+0000] {taskinstance.py:731} INFO - ::endgroup::
[2025-11-09T21:37:35.082+0000] {python.py:240} INFO - Done. Returned value was: 10
[2025-11-09T21:37:35.198+0000] {taskinstance.py:340} INFO - ::group::Post task execution logs
[2025-11-09T21:37:35.201+0000] {taskinstance.py:352} INFO - Marking task as SUCCESS. dag_id=crypto_etl_pipeline, task_id=transform, run_id=manual__2025-11-09T21:32:00.655772+00:00, execution_date=20251109T213200, start_date=20251109T213734, end_date=20251109T213735
[2025-11-09T21:37:35.239+0000] {logging_mixin.py:190} INFO - Task instance in success state
[2025-11-09T21:37:35.240+0000] {logging_mixin.py:190} INFO -  Previous state of the Task instance: running
[2025-11-09T21:37:35.242+0000] {logging_mixin.py:190} INFO - Dag name:crypto_etl_pipeline queued_at:2025-11-09 21:32:00.701053+00:00
[2025-11-09T21:37:35.244+0000] {logging_mixin.py:190} INFO - Task hostname:18434ef7c92c operator:PythonOperator
[2025-11-09T21:37:35.331+0000] {local_task_job_runner.py:266} INFO - Task exited with return code 0
[2025-11-09T21:37:35.412+0000] {taskinstance.py:3895} INFO - 1 downstream tasks scheduled from follow-on schedule check
[2025-11-09T21:37:35.418+0000] {local_task_job_runner.py:245} INFO - ::endgroup::
